// Vitest Snapshot v1, https://vitest.dev/guide/snapshot.html

exports[`BasicLayout > matches snapshot 1`] = `
<basic-layout-stub
  nolocaleswitcher="false"
/>
`;
