// Vitest Snapshot v1, https://vitest.dev/guide/snapshot.html

exports[`SidebarOnlyLayout > matches snapshot 1`] = `
<div
  class="layout sidebar-only"
>
  <div
    class="sidebar layout-sidebar"
  >
    <div
      class="header"
    >
      <div
        class="logo"
      >
        <a
          class="logo"
          href="/"
        >
          <img
            alt="dzango"
            src="/logo.png"
          />
        </a>
      </div>
      <div
        class="title"
      >
        
        
      </div>
      <div
        class="toggle"
      >
        <transition-stub
          appear="false"
          css="true"
          name="sidebar-toggle"
          persisted="false"
        >
          <img
            alt="extend sidebar"
            class="extend"
            src="data:image/svg+xml,%3csvg%20viewBox='0%200%2024%2024'%20fill='none'%20xmlns='http://www.w3.org/2000/svg'%3e%3cg%20stroke-width='0'%3e%3c/g%3e%3cg%20stroke-linecap='round'%20stroke-linejoin='round'%3e%3c/g%3e%3cg%3e%3cpath%20fill-rule='evenodd'%20clip-rule='evenodd'%20d='M8.29289%204.29289C8.68342%203.90237%209.31658%203.90237%209.70711%204.29289L16.7071%2011.2929C17.0976%2011.6834%2017.0976%2012.3166%2016.7071%2012.7071L9.70711%2019.7071C9.31658%2020.0976%208.68342%2020.0976%208.29289%2019.7071C7.90237%2019.3166%207.90237%2018.6834%208.29289%2018.2929L14.5858%2012L8.29289%205.70711C7.90237%205.31658%207.90237%204.68342%208.29289%204.29289Z'%20fill='%23ffffff'%3e%3c/path%3e%3c/g%3e%3c/svg%3e"
          />
        </transition-stub>
      </div>
    </div>
    <div
      class="sidebar-menu-wrapper"
    >
      
      
      <ul
        class="nav"
      >
        
        <nav
          class="nav-menu"
        >
          <div
            class="menu"
          >
            
            <div
              class="nav-menu-item"
            >
              <a
                aria-label="open menu"
                class="link"
              >
                <!---->
                <span>
                  M1
                </span>
                <!---->
                <!---->
              </a>
              <transition-stub
                appear="false"
                css="true"
                name="fade"
                persisted="false"
              >
                <!---->
              </transition-stub>
            </div>
            <div
              class="nav-menu-item"
            >
              <a
                aria-label="open menu"
                class="link"
              >
                <!---->
                <span>
                  M2
                </span>
                <!---->
                <!---->
              </a>
              <transition-stub
                appear="false"
                css="true"
                name="fade"
                persisted="false"
              >
                <!---->
              </transition-stub>
            </div>
            
          </div>
        </nav>
        
        
        
        
        <div
          class="after-nav"
        />
        
        
        
      </ul>
      
      
      
      <div
        class="after-sidebar"
      />
      
      
      
      <user-menu-stub />
      
      
      <locale-switcher-stub
        class="locales"
      />
      
      
    </div>
    <div
      class="footer"
    >
      
      <footer>
        
        <!---->
        
        
        
        
        <div
          class="version"
        >
          0.1.0
        </div>
        
      </footer>
      
    </div>
  </div>
  <main>
    
    
    <div
      class="default"
    />
    
    
  </main>
</div>
`;
