// Vitest Snapshot v1, https://vitest.dev/guide/snapshot.html

exports[`SidebarHeaderLayout > matches snapshot 1`] = `
<div
  class="layout sidebar-header-layout"
>
  
  <header>
    
    <!---->
    
    <nav
      data-expanded="false"
    >
      
      <!---->
      
      
      
      
      
      
      <locale-switcher-stub
        class="locales"
      />
      
    </nav>
    <div
      class="toggle"
    >
      
      <svg
        aria-hidden="true"
        height="1.5rem"
        role="img"
        viewBox="0 0 16 16"
        width="1.5rem"
        xmlns="http://www.w3.org/2000/svg"
        xmlns:xlink="http://www.w3.org/1999/xlink"
      />
      
    </div>
  </header>
  
  <div
    class="no-sidebar layout-sidebar"
  >
    <img
      alt="show sidebar"
      src="data:image/svg+xml,%3csvg%20viewBox='0%200%2024%2024'%20fill='none'%20xmlns='http://www.w3.org/2000/svg'%3e%3cg%20stroke-width='0'%3e%3c/g%3e%3cg%20stroke-linecap='round'%20stroke-linejoin='round'%3e%3c/g%3e%3cg%3e%3cpath%20fill-rule='evenodd'%20clip-rule='evenodd'%20d='M8.29289%204.29289C8.68342%203.90237%209.31658%203.90237%209.70711%204.29289L16.7071%2011.2929C17.0976%2011.6834%2017.0976%2012.3166%2016.7071%2012.7071L9.70711%2019.7071C9.31658%2020.0976%208.68342%2020.0976%208.29289%2019.7071C7.90237%2019.3166%207.90237%2018.6834%208.29289%2018.2929L14.5858%2012L8.29289%205.70711C7.90237%205.31658%207.90237%204.68342%208.29289%204.29289Z'%20fill='%23ffffff'%3e%3c/path%3e%3c/g%3e%3c/svg%3e"
    />
  </div>
  <main>
    
    
    <div
      class="default"
    />
    
    
  </main>
</div>
`;
