// Vitest Snapshot v1, https://vitest.dev/guide/snapshot.html

exports[`EmailVerificationReminder > matches snapshot in en 1`] = `
<div
  class="page auth verify-email-reminder"
  data-centered="false"
>
  <div
    class="page-header"
  >
    <div
      class="page-title-wrapper"
    >
      <div
        class="title"
      >
        <h1>
          Email verification
        </h1>
        
        <!---->
        
      </div>
      
      <!---->
      
    </div>
    <div
      class="page-toolbar"
    >
      
      
    </div>
  </div>
  <div
    class="page-content"
  >
    
    <div
      class="card"
    >
      <!---->
      <div
        class="card-body"
      >
        
        <p>
          Please check your email for verification
        </p>
        
      </div>
      <footer
        class="card-footer"
      >
        
        <button
          aria-label="button"
          class="button primary medium filled"
          role="button"
        >
          <!---->
          <div
            class="label"
          >
            
            <span>
              Resend email
            </span>
            
          </div>
          <!---->
          <!---->
        </button>
        
      </footer>
    </div>
    
    <!---->
  </div>
</div>
`;

exports[`EmailVerificationReminder > matches snapshot in fr 1`] = `
<div
  class="page auth verify-email-reminder"
  data-centered="false"
>
  <div
    class="page-header"
  >
    <div
      class="page-title-wrapper"
    >
      <div
        class="title"
      >
        <h1>
          Email verification
        </h1>
        
        <!---->
        
      </div>
      
      <!---->
      
    </div>
    <div
      class="page-toolbar"
    >
      
      
    </div>
  </div>
  <div
    class="page-content"
  >
    
    <div
      class="card"
    >
      <!---->
      <div
        class="card-body"
      >
        
        <p>
          Please check your email for verification
        </p>
        
      </div>
      <footer
        class="card-footer"
      >
        
        <button
          aria-label="button"
          class="button primary medium filled"
          role="button"
        >
          <!---->
          <div
            class="label"
          >
            
            <span>
              Resend email
            </span>
            
          </div>
          <!---->
          <!---->
        </button>
        
      </footer>
    </div>
    
    <!---->
  </div>
</div>
`;
