// Vitest Snapshot v1, https://vitest.dev/guide/snapshot.html

exports[`VerifyEmail > matches snapshot in en 1`] = `
<div
  class="page auth verify-email"
  data-centered="false"
>
  <div
    class="page-header"
  >
    <div
      class="page-title-wrapper"
    >
      <div
        class="title"
      >
        <h1>
          Email verification
        </h1>
        
        <!---->
        
      </div>
      
      <!---->
      
    </div>
    <div
      class="page-toolbar"
    >
      
      
    </div>
  </div>
  <div
    class="page-content"
  >
    
    <div
      class="card"
    >
      <!---->
      <div
        class="card-body"
      >
        
        <p>
          Something went wrong. Please try again
        </p>
        
      </div>
      <!---->
    </div>
    <!---->
    
    <!---->
  </div>
</div>
`;

exports[`VerifyEmail > matches snapshot in fr 1`] = `
<div
  class="page auth verify-email"
  data-centered="false"
>
  <div
    class="page-header"
  >
    <div
      class="page-title-wrapper"
    >
      <div
        class="title"
      >
        <h1>
          Email verification
        </h1>
        
        <!---->
        
      </div>
      
      <!---->
      
    </div>
    <div
      class="page-toolbar"
    >
      
      
    </div>
  </div>
  <div
    class="page-content"
  >
    
    <div
      class="card"
    >
      <!---->
      <div
        class="card-body"
      >
        
        <p>
          Something went wrong. Please try again
        </p>
        
      </div>
      <!---->
    </div>
    <!---->
    
    <!---->
  </div>
</div>
`;
